// Jest Snapshot v1, https://goo.gl/fbAQLP

exports[`Logout renders 1`] = `
<a
  className="button auth-button"
  onClick={[Function]}
>
  Logout
</a>
`;
